Flow report for MAP
Mon Mar 22 19:33:49 2021
Quartus II 64-Bit Version 13.1.0 Build 162 10/23/2013 SJ Full Version


---------------------
; Table of Contents ;
---------------------
  1. Legal Notice
  2. Flow Summary
  3. Flow Settings
  4. Flow Non-Default Global Settings
  5. Flow Elapsed Time
  6. Flow OS Summary
  7. Flow Log
  8. Flow Messages
  9. Flow Suppressed Messages



----------------
; Legal Notice ;
----------------
Copyright (C) 1991-2013 Altera Corporation
Your use of Altera Corporation's design tools, logic functions 
and other software and tools, and its AMPP partner logic 
functions, and any output files from any of the foregoing 
(including device programming or simulation files), and any 
associated documentation or information are expressly subject 
to the terms and conditions of the Altera Program License 
Subscription Agreement, Altera MegaCore Function License 
Agreement, or other applicable license agreement, including, 
without limitation, that your use is for the sole purpose of 
programming logic devices manufactured by Altera and sold by 
Altera or its authorized distributors.  Please refer to the 
applicable agreement for further details.



+----------------------------------------------------------------------------------+
; Flow Summary                                                                     ;
+------------------------------------+---------------------------------------------+
; Flow Status                        ; Successful - Mon Mar 22 19:33:49 2021       ;
; Quartus II 64-Bit Version          ; 13.1.0 Build 162 10/23/2013 SJ Full Version ;
; Revision Name                      ; MAP                                         ;
; Top-level Entity Name              ; MAP                                         ;
; Family                             ; Cyclone IV GX                               ;
; Device                             ; EP4CGX150DF31I7AD                           ;
; Timing Models                      ; Final                                       ;
; Total logic elements               ; 6,712 / 149,760 ( 4 % )                     ;
;     Total combinational functions  ; 6,568 / 149,760 ( 4 % )                     ;
;     Dedicated logic registers      ; 1,693 / 149,760 ( 1 % )                     ;
; Total registers                    ; 1693                                        ;
; Total pins                         ; 133 / 508 ( 26 % )                          ;
; Total virtual pins                 ; 0                                           ;
; Total memory bits                  ; 33 / 6,635,520 ( < 1 % )                    ;
; Embedded Multiplier 9-bit elements ; 0 / 720 ( 0 % )                             ;
; Total GXB Receiver Channel PCS     ; 0 / 8 ( 0 % )                               ;
; Total GXB Receiver Channel PMA     ; 0 / 8 ( 0 % )                               ;
; Total GXB Transmitter Channel PCS  ; 0 / 8 ( 0 % )                               ;
; Total GXB Transmitter Channel PMA  ; 0 / 8 ( 0 % )                               ;
; Total PLLs                         ; 0 / 8 ( 0 % )                               ;
+------------------------------------+---------------------------------------------+


+-----------------------------------------+
; Flow Settings                           ;
+-------------------+---------------------+
; Option            ; Setting             ;
+-------------------+---------------------+
; Start date & time ; 03/22/2021 18:46:19 ;
; Main task         ; Compilation         ;
; Revision Name     ; MAP                 ;
+-------------------+---------------------+


+----------------------------------------------------------------------------------------------------------------------+
; Flow Non-Default Global Settings                                                                                     ;
+--------------------------------------+--------------------------------+---------------+-------------+----------------+
; Assignment Name                      ; Value                          ; Default Value ; Entity Name ; Section Id     ;
+--------------------------------------+--------------------------------+---------------+-------------+----------------+
; COMPILER_SIGNATURE_ID                ; 66504335674806.161640997909468 ; --            ; --          ; --             ;
; EDA_DESIGN_INSTANCE_NAME             ; NA                             ; --            ; --          ; MAP_Top        ;
; EDA_NATIVELINK_SIMULATION_TEST_BENCH ; MAP_Top                        ; --            ; --          ; eda_simulation ;
; EDA_OUTPUT_DATA_FORMAT               ; Vhdl                           ; --            ; --          ; eda_simulation ;
; EDA_SIMULATION_TOOL                  ; ModelSim-Altera (VHDL)         ; <None>        ; --          ; --             ;
; EDA_TEST_BENCH_ENABLE_STATUS         ; TEST_BENCH_MODE                ; --            ; --          ; eda_simulation ;
; EDA_TEST_BENCH_FILE                  ; simulation/modelsim/MAP_Top.vt ; --            ; --          ; MAP_Top        ;
; EDA_TEST_BENCH_MODULE_NAME           ; MAP_Top                        ; --            ; --          ; MAP_Top        ;
; EDA_TEST_BENCH_NAME                  ; MAP_Top                        ; --            ; --          ; eda_simulation ;
; ENABLE_OCT_DONE                      ; Off                            ; On            ; --          ; --             ;
; MAX_CORE_JUNCTION_TEMP               ; 100                            ; --            ; --          ; --             ;
; MIN_CORE_JUNCTION_TEMP               ; -40                            ; --            ; --          ; --             ;
; PARTITION_COLOR                      ; 16764057                       ; --            ; --          ; Top            ;
; PARTITION_FITTER_PRESERVATION_LEVEL  ; PLACEMENT_AND_ROUTING          ; --            ; --          ; Top            ;
; PARTITION_NETLIST_TYPE               ; SOURCE                         ; --            ; --          ; Top            ;
; PROJECT_OUTPUT_DIRECTORY             ; output_files                   ; --            ; --          ; --             ;
+--------------------------------------+--------------------------------+---------------+-------------+----------------+


+-------------------------------------------------------------------------------------------------------------------------------+
; Flow Elapsed Time                                                                                                             ;
+---------------------------+--------------+-------------------------+---------------------+------------------------------------+
; Module Name               ; Elapsed Time ; Average Processors Used ; Peak Virtual Memory ; Total CPU Time (on all processors) ;
+---------------------------+--------------+-------------------------+---------------------+------------------------------------+
; Analysis & Synthesis      ; 00:00:17     ; 1.0                     ; 4803 MB             ; 00:00:16                           ;
; Fitter                    ; 00:00:31     ; 2.1                     ; 6194 MB             ; 00:00:56                           ;
; Assembler                 ; 00:00:05     ; 1.0                     ; 4710 MB             ; 00:00:05                           ;
; TimeQuest Timing Analyzer ; 00:00:04     ; 3.3                     ; 4888 MB             ; 00:00:04                           ;
; EDA Netlist Writer        ; 00:00:05     ; 1.0                     ; 4721 MB             ; 00:00:05                           ;
; PowerPlay Power Analyzer  ; 00:00:10     ; 1.0                     ; 4890 MB             ; 00:00:10                           ;
; Total                     ; 00:01:12     ; --                      ; --                  ; 00:01:36                           ;
+---------------------------+--------------+-------------------------+---------------------+------------------------------------+


+----------------------------------------------------------------------------------------+
; Flow OS Summary                                                                        ;
+---------------------------+------------------+-----------+------------+----------------+
; Module Name               ; Machine Hostname ; OS Name   ; OS Version ; Processor type ;
+---------------------------+------------------+-----------+------------+----------------+
; Analysis & Synthesis      ; DESKTOP-KG4F80G  ; Windows 7 ; 6.2        ; x86_64         ;
; Fitter                    ; DESKTOP-KG4F80G  ; Windows 7 ; 6.2        ; x86_64         ;
; Assembler                 ; DESKTOP-KG4F80G  ; Windows 7 ; 6.2        ; x86_64         ;
; TimeQuest Timing Analyzer ; DESKTOP-KG4F80G  ; Windows 7 ; 6.2        ; x86_64         ;
; EDA Netlist Writer        ; DESKTOP-KG4F80G  ; Windows 7 ; 6.2        ; x86_64         ;
; PowerPlay Power Analyzer  ; DESKTOP-KG4F80G  ; Windows 7 ; 6.2        ; x86_64         ;
+---------------------------+------------------+-----------+------------+----------------+


------------
; Flow Log ;
------------
quartus_map --read_settings_files=on --write_settings_files=off MAP -c MAP
quartus_fit --read_settings_files=off --write_settings_files=off MAP -c MAP
quartus_asm --read_settings_files=off --write_settings_files=off MAP -c MAP
quartus_sta MAP -c MAP
quartus_eda --read_settings_files=off --write_settings_files=off MAP -c MAP
quartus_pow --read_settings_files=on --write_settings_files=off MAP -c MAP



